[kit.sociolib.com/coursery/template-kit/home/index.html]
[backblue.gif]
[fade.gif]
[index.html]
[kit.sociolib.com/coursery/wp-content/uploads/sites/6/elementor/css/custom-frontend-lite.min7cb8.css]
[kit.sociolib.com/coursery/wp-content/uploads/sites/6/elementor/css/post-57cb8.css]
[kit.sociolib.com/coursery/wp-content/uploads/sites/6/elementor/css/post-2857cb8.css]
[kit.sociolib.com/coursery/wp-content/plugins/template-kit-export/assets/public/template-kit-export-public982a.css]
[kit.sociolib.com/coursery/wp-content/themes/hello-elementor/style.min324d.css]
[kit.sociolib.com/coursery/wp-content/themes/hello-elementor/theme.min324d.css]
[kit.sociolib.com/coursery/wp-content/themes/hello-elementor/header-footer.min324d.css]
[kit.sociolib.com/coursery/wp-content/uploads/sites/6/elementor/css/post-127cb8.css]
[kit.sociolib.com/coursery/wp-content/plugins/elementskit-lite/modules/elementskit-icon-pack/assets/css/ekiticonsdeae.css]
[kit.sociolib.com/coursery/wp-content/plugins/elementor/assets/lib/swiper/v8/css/swiper.min94a4.css]
[kit.sociolib.com/coursery/wp-content/uploads/sites/6/elementor/css/post-167afd.css]
[kit.sociolib.com/coursery/wp-content/plugins/elementskit-lite/widgets/init/assets/css/widget-stylesdeae.css]
[kit.sociolib.com/coursery/wp-content/plugins/elementskit-lite/widgets/init/assets/css/responsivedeae.css]
[kit.sociolib.com/coursery/wp-includes/js/jquery/jquery-migrate.min5589.js]
[kit.sociolib.com/coursery/wp-content/uploads/sites/6/2024/07/coursery.png]
[kit.sociolib.com/coursery/wp-content/uploads/sites/6/2024/07/02.jpg]
[kit.sociolib.com/coursery/wp-content/uploads/sites/6/elementor/css/custom-widget-icon-list.min7afd.css]
[kit.sociolib.com/coursery/wp-content/uploads/sites/6/elementor/css/custom-widget-icon-box.min7afd.css]
[kit.sociolib.com/coursery/wp-includes/js/mediaelement/mediaelementplayer-legacy.min1f61.css]
[kit.sociolib.com/coursery/wp-includes/js/mediaelement/wp-mediaelement.minb6a4.css]
[kit.sociolib.com/coursery/wp-content/themes/hello-elementor/assets/js/hello-frontend.min324d.js]
[kit.sociolib.com/coursery/wp-content/plugins/elementskit-lite/widgets/init/assets/js/widget-scriptsdeae.js]
[kit.sociolib.com/coursery/wp-includes/js/mediaelement/mediaelement-and-player.min1f61.js]
[kit.sociolib.com/coursery/wp-includes/js/mediaelement/mediaelement-migrate.minb6a4.js]
[kit.sociolib.com/coursery/wp-includes/js/mediaelement/wp-mediaelement.minb6a4.js]
[kit.sociolib.com/coursery/wp-content/plugins/elementor/assets/js/webpack.runtime.min93d8.js]
[kit.sociolib.com/coursery/wp-content/plugins/elementor/assets/js/frontend-modules.min93d8.js]
[kit.sociolib.com/coursery/wp-content/plugins/elementor/assets/lib/waypoints/waypoints.min05da.js]
[kit.sociolib.com/coursery/wp-includes/js/jquery/ui/core.minb37e.js]
[kit.sociolib.com/coursery/wp-content/plugins/elementor/assets/js/frontend.min93d8.js]
[kit.sociolib.com/coursery/wp-content/plugins/elementskit-lite/widgets/init/assets/js/animate-circle.mindeae.js]
[kit.sociolib.com/coursery/template-kit/home/index.html]
[kit.sociolib.com/coursery/wp-content/uploads/sites/6/elementor/css/custom-frontend-lite.min7cb8.css]
[kit.sociolib.com/coursery/wp-content/uploads/sites/6/elementor/css/post-57cb8.css]
[kit.sociolib.com/coursery/wp-content/uploads/sites/6/elementor/css/post-2857cb8.css]
[kit.sociolib.com/coursery/wp-content/plugins/template-kit-export/assets/public/template-kit-export-public982a.css]
[kit.sociolib.com/coursery/wp-content/themes/hello-elementor/style.min324d.css]
[kit.sociolib.com/coursery/wp-content/themes/hello-elementor/theme.min324d.css]
[kit.sociolib.com/coursery/wp-content/themes/hello-elementor/header-footer.min324d.css]
[kit.sociolib.com/coursery/wp-content/uploads/sites/6/elementor/css/post-127cb8.css]
[kit.sociolib.com/coursery/wp-content/plugins/elementskit-lite/modules/elementskit-icon-pack/assets/css/ekiticonsdeae.css]
[kit.sociolib.com/coursery/wp-content/plugins/elementor/assets/lib/swiper/v8/css/swiper.min94a4.css]
[kit.sociolib.com/coursery/wp-content/plugins/elementskit-lite/widgets/init/assets/js/elementordeae.js]
[kit.sociolib.com/coursery/wp-content/uploads/sites/6/2024/07/10.png]
[kit.sociolib.com/coursery/wp-content/uploads/sites/6/elementor/css/post-167afd.css]
[kit.sociolib.com/coursery/wp-content/plugins/elementskit-lite/widgets/init/assets/img/arrow.png]
[kit.sociolib.com/coursery/wp-content/plugins/elementskit-lite/widgets/init/assets/img/sort_asc.png]
[kit.sociolib.com/coursery/wp-content/plugins/elementskit-lite/widgets/init/assets/img/sort_desc.png]
[kit.sociolib.com/coursery/wp-content/plugins/elementskit-lite/widgets/init/assets/img/sort_asc_disabled.png]
[kit.sociolib.com/coursery/wp-content/plugins/elementskit-lite/widgets/init/assets/css/widget-stylesdeae.css]
[kit.sociolib.com/coursery/wp-content/plugins/elementskit-lite/widgets/init/assets/css/responsivedeae.css]
[kit.sociolib.com/coursery/wp-includes/js/jquery/jquery-migrate.min5589.js]
[kit.sociolib.com/coursery/wp-content/plugins/template-kit-export/assets/public/template-kit-export-public982a.js]
[kit.sociolib.com/coursery/wp-content/uploads/sites/6/elementor/css/custom-widget-icon-list.min7afd.css]
[kit.sociolib.com/coursery/wp-content/uploads/sites/6/elementor/css/custom-widget-icon-box.min7afd.css]
[kit.sociolib.com/coursery/wp-content/plugins/elementor/assets/lib/animations/animations.min93d8.css]
[kit.sociolib.com/coursery/wp-includes/js/jquery/jquery.minf43b.js]
[kit.sociolib.com/coursery/wp-includes/js/mediaelement/mediaelementplayer-legacy.min1f61.css]
[kit.sociolib.com/coursery/wp-includes/js/mediaelement/wp-mediaelement.minb6a4.css]
[kit.sociolib.com/coursery/wp-content/themes/hello-elementor/assets/js/hello-frontend.min324d.js]
[kit.sociolib.com/coursery/wp-content/plugins/elementskit-lite/libs/framework/assets/js/frontend-scriptdeae.js]
[kit.sociolib.com/coursery/wp-includes/js/mediaelement/mejs-controls.svg]
[kit.sociolib.com/coursery/wp-content/plugins/elementskit-lite/widgets/init/assets/js/widget-scriptsdeae.js]
[kit.sociolib.com/coursery/template-kit/home/GET]
[kit.sociolib.com/coursery/wp-includes/js/mediaelement/mediaelement-and-player.min1f61.js]
[kit.sociolib.com/coursery/wp-includes/js/mediaelement/mediaelement-migrate.minb6a4.js]
[kit.sociolib.com/coursery/wp-includes/js/mediaelement/wp-mediaelement.minb6a4.js]
[kit.sociolib.com/coursery/wp-content/plugins/elementor/assets/js/webpack.runtime.min93d8.js]
[kit.sociolib.com/coursery/wp-content/plugins/elementor/assets/js/frontend-modules.min93d8.js]
[kit.sociolib.com/coursery/wp-content/plugins/elementor/assets/lib/waypoints/waypoints.min05da.js]
[kit.sociolib.com/coursery/wp-includes/js/jquery/ui/core.minb37e.js]
[kit.sociolib.com/coursery/template-kit/home/-negative.svg]
[kit.sociolib.com/coursery/wp-content/plugins/elementor/assets/js/frontend.min93d8.js]
[kit.sociolib.com/coursery/wp-content/plugins/elementskit-lite/widgets/init/assets/js/animate-circle.mindeae.js]
[kit.sociolib.com/coursery/wp-content/plugins/elementskit-lite/widgets/init/assets/js/elementordeae.js]
[kit.sociolib.com/coursery/wp-includes/js/jquery/jquery.minf43b.js]
[kit.sociolib.com/coursery/wp-content/plugins/elementor/assets/lib/animations/animations.min93d8.css]
[kit.sociolib.com/coursery/wp-includes/js/mediaelement/mejs-controls.svg]
[kit.sociolib.com/coursery/template-kit/home/GET.html]
[kit.sociolib.com/coursery/template-kit/home/-negative.html]
[kit.sociolib.com/coursery/template-kit/home/OPR/index.html]
[kit.sociolib.com/coursery/template-kit/home/OPR/index.html]
